// Jest Snapshot v1, https://goo.gl/fbAQLP

exports[`SVG Path Loader correctly gets the SVG path 1`] = `
Array [
  Array [
    null,
    "module.exports = 'M1.073 4a7.999 7.999 0 1 1 13.854 8A7.999 7.999 0 0 1 1.073 4zm4.762 2.758c-.178.324-.22.54-.302.92-.09.407-1.062 5.768-1.096 5.952-.026.134.018.265.123.326h.002v.001c.105.06.24.033.344-.056.142-.122 4.299-3.645 4.607-3.925.288-.262.453-.406.644-.722l.007-.012c.18-.325.22-.54.303-.92.09-.407 1.062-5.768 1.096-5.952.026-.134-.018-.265-.123-.326h-.002v-.001c-.105-.06-.24-.033-.344.056-.142.122-4.299 3.645-4.607 3.925-.288.262-.453.406-.644.722l-.008.012zm1.732.992a.5.5 0 1 1 .866.5.5.5 0 0 1-.866-.5z';",
  ],
]
`;

exports[`SVG Path Loader throws an error with a malformatted SVG 1`] = `
Array [
  Array [
    [Error: Unexpected close tag
Line: 0
Column: 9
Char: >],
  ],
]
`;
